--------------------------------------------------------------------------------
Release 14.7 Trace  (nt)
Copyright (c) 1995-2013 Xilinx, Inc.  All rights reserved.

E:\Program Files\Xilinx ISE\14.7\ISE_DS\ISE\bin\nt\unwrapped\trce.exe -filter
C:/Users/Naimul Hoque/Documents/Uni Work/Year 2/Digital Design/Assignment 2/UART/Digital-Design-Assignment-2/dataProcessor/DATA_PROCESSOR_SYNTHESISED/iseconfig/filter.filter
-intstyle ise -v 3 -s 3 -n 3 -fastpaths -xml dataConsume_preroute.twx
dataConsume_map.ncd -o dataConsume_preroute.twr dataConsume.pcf

Design file:              dataConsume_map.ncd
Physical constraint file: dataConsume.pcf
Device,package,speed:     xc6slx16,csg324,C,-3 (PRODUCTION 1.23 2013-10-13)
Report level:             verbose report

Environment Variable      Effect 
--------------------      ------ 
NONE                      No environment variables were set
--------------------------------------------------------------------------------

INFO:Timing:2698 - No timing constraints found, doing default enumeration.
INFO:Timing:3412 - To improve timing, see the Timing Closure User Guide (UG612).
INFO:Timing:2752 - To get complete path coverage, use the unconstrained paths 
   option. All paths that are not constrained will be reported in the 
   unconstrained paths section(s) of the report.
INFO:Timing:3284 - This timing report was generated using estimated delay 
   information.  For accurate numbers, please refer to the post Place and Route 
   timing report.
INFO:Timing:3339 - The clock-to-out numbers in this timing report are based on 
   a 50 Ohm transmission line loading model.  For the details of this model, 
   and for more information on accounting for different loading conditions, 
   please see the device datasheet.



Data Sheet report:
-----------------
All values displayed in nanoseconds (ns)

Setup/Hold to clock clk
------------+------------+------------+------------+------------+------------------+--------+
            |Max Setup to|  Process   |Max Hold to |  Process   |                  | Clock  |
Source      | clk (edge) |   Corner   | clk (edge) |   Corner   |Internal Clock(s) | Phase  |
------------+------------+------------+------------+------------+------------------+--------+
ctrlIn      |    3.272(R)|      SLOW  |   -1.158(R)|      SLOW  |clk_BUFGP         |   0.000|
data<0>     |    1.719(R)|      FAST  |   -1.395(R)|      SLOW  |clk_BUFGP         |   0.000|
data<1>     |    1.868(R)|      FAST  |   -1.544(R)|      SLOW  |clk_BUFGP         |   0.000|
data<2>     |    1.853(R)|      FAST  |   -1.529(R)|      SLOW  |clk_BUFGP         |   0.000|
data<3>     |    1.879(R)|      FAST  |   -1.555(R)|      SLOW  |clk_BUFGP         |   0.000|
data<4>     |    1.780(R)|      FAST  |   -1.490(R)|      SLOW  |clk_BUFGP         |   0.000|
data<5>     |    1.980(R)|      SLOW  |   -1.716(R)|      SLOW  |clk_BUFGP         |   0.000|
data<6>     |    1.985(R)|      SLOW  |   -1.721(R)|      SLOW  |clk_BUFGP         |   0.000|
data<7>     |    1.958(R)|      SLOW  |   -1.694(R)|      SLOW  |clk_BUFGP         |   0.000|
start       |    3.195(R)|      SLOW  |   -1.963(R)|      SLOW  |clk_BUFGP         |   0.000|
------------+------------+------------+------------+------------+------------------+--------+

Setup/Hold to clock numWords_bcd<0><0>
------------+------------+------------+------------+------------+----------------------------+--------+
            |Max Setup to|  Process   |Max Hold to |  Process   |                            | Clock  |
Source      | clk (edge) |   Corner   | clk (edge) |   Corner   |Internal Clock(s)           | Phase  |
------------+------------+------------+------------+------------+----------------------------+--------+
start       |   -3.489(F)|      FAST  |    4.860(F)|      SLOW  |curState[1]_PWR_6_o_Mux_71_o|   0.000|
------------+------------+------------+------------+------------+----------------------------+--------+

Setup/Hold to clock numWords_bcd<0><1>
------------+------------+------------+------------+------------+----------------------------+--------+
            |Max Setup to|  Process   |Max Hold to |  Process   |                            | Clock  |
Source      | clk (edge) |   Corner   | clk (edge) |   Corner   |Internal Clock(s)           | Phase  |
------------+------------+------------+------------+------------+----------------------------+--------+
start       |   -3.894(F)|      FAST  |    5.993(F)|      SLOW  |curState[1]_PWR_6_o_Mux_71_o|   0.000|
------------+------------+------------+------------+------------+----------------------------+--------+

Setup/Hold to clock numWords_bcd<0><2>
------------+------------+------------+------------+------------+----------------------------+--------+
            |Max Setup to|  Process   |Max Hold to |  Process   |                            | Clock  |
Source      | clk (edge) |   Corner   | clk (edge) |   Corner   |Internal Clock(s)           | Phase  |
------------+------------+------------+------------+------------+----------------------------+--------+
start       |   -3.957(F)|      FAST  |    5.853(F)|      SLOW  |curState[1]_PWR_6_o_Mux_71_o|   0.000|
------------+------------+------------+------------+------------+----------------------------+--------+

Setup/Hold to clock numWords_bcd<0><3>
------------+------------+------------+------------+------------+----------------------------+--------+
            |Max Setup to|  Process   |Max Hold to |  Process   |                            | Clock  |
Source      | clk (edge) |   Corner   | clk (edge) |   Corner   |Internal Clock(s)           | Phase  |
------------+------------+------------+------------+------------+----------------------------+--------+
start       |   -4.064(F)|      FAST  |    5.925(F)|      SLOW  |curState[1]_PWR_6_o_Mux_71_o|   0.000|
------------+------------+------------+------------+------------+----------------------------+--------+

Setup/Hold to clock numWords_bcd<1><0>
------------+------------+------------+------------+------------+----------------------------+--------+
            |Max Setup to|  Process   |Max Hold to |  Process   |                            | Clock  |
Source      | clk (edge) |   Corner   | clk (edge) |   Corner   |Internal Clock(s)           | Phase  |
------------+------------+------------+------------+------------+----------------------------+--------+
start       |   -3.284(F)|      FAST  |    6.542(F)|      SLOW  |curState[1]_PWR_6_o_Mux_71_o|   0.000|
------------+------------+------------+------------+------------+----------------------------+--------+

Setup/Hold to clock numWords_bcd<1><1>
------------+------------+------------+------------+------------+----------------------------+--------+
            |Max Setup to|  Process   |Max Hold to |  Process   |                            | Clock  |
Source      | clk (edge) |   Corner   | clk (edge) |   Corner   |Internal Clock(s)           | Phase  |
------------+------------+------------+------------+------------+----------------------------+--------+
start       |   -4.111(F)|      FAST  |    6.573(F)|      SLOW  |curState[1]_PWR_6_o_Mux_71_o|   0.000|
------------+------------+------------+------------+------------+----------------------------+--------+

Setup/Hold to clock numWords_bcd<1><2>
------------+------------+------------+------------+------------+----------------------------+--------+
            |Max Setup to|  Process   |Max Hold to |  Process   |                            | Clock  |
Source      | clk (edge) |   Corner   | clk (edge) |   Corner   |Internal Clock(s)           | Phase  |
------------+------------+------------+------------+------------+----------------------------+--------+
start       |   -4.306(F)|      FAST  |    6.671(F)|      SLOW  |curState[1]_PWR_6_o_Mux_71_o|   0.000|
------------+------------+------------+------------+------------+----------------------------+--------+

Setup/Hold to clock numWords_bcd<1><3>
------------+------------+------------+------------+------------+----------------------------+--------+
            |Max Setup to|  Process   |Max Hold to |  Process   |                            | Clock  |
Source      | clk (edge) |   Corner   | clk (edge) |   Corner   |Internal Clock(s)           | Phase  |
------------+------------+------------+------------+------------+----------------------------+--------+
start       |   -4.266(F)|      FAST  |    6.402(F)|      SLOW  |curState[1]_PWR_6_o_Mux_71_o|   0.000|
------------+------------+------------+------------+------------+----------------------------+--------+

Setup/Hold to clock numWords_bcd<2><0>
------------+------------+------------+------------+------------+----------------------------+--------+
            |Max Setup to|  Process   |Max Hold to |  Process   |                            | Clock  |
Source      | clk (edge) |   Corner   | clk (edge) |   Corner   |Internal Clock(s)           | Phase  |
------------+------------+------------+------------+------------+----------------------------+--------+
start       |   -3.828(F)|      FAST  |    7.232(F)|      SLOW  |curState[1]_PWR_6_o_Mux_71_o|   0.000|
------------+------------+------------+------------+------------+----------------------------+--------+

Setup/Hold to clock numWords_bcd<2><1>
------------+------------+------------+------------+------------+----------------------------+--------+
            |Max Setup to|  Process   |Max Hold to |  Process   |                            | Clock  |
Source      | clk (edge) |   Corner   | clk (edge) |   Corner   |Internal Clock(s)           | Phase  |
------------+------------+------------+------------+------------+----------------------------+--------+
start       |   -4.100(F)|      FAST  |    7.292(F)|      SLOW  |curState[1]_PWR_6_o_Mux_71_o|   0.000|
------------+------------+------------+------------+------------+----------------------------+--------+

Setup/Hold to clock numWords_bcd<2><2>
------------+------------+------------+------------+------------+----------------------------+--------+
            |Max Setup to|  Process   |Max Hold to |  Process   |                            | Clock  |
Source      | clk (edge) |   Corner   | clk (edge) |   Corner   |Internal Clock(s)           | Phase  |
------------+------------+------------+------------+------------+----------------------------+--------+
start       |   -4.101(F)|      FAST  |    7.203(F)|      SLOW  |curState[1]_PWR_6_o_Mux_71_o|   0.000|
------------+------------+------------+------------+------------+----------------------------+--------+

Setup/Hold to clock numWords_bcd<2><3>
------------+------------+------------+------------+------------+----------------------------+--------+
            |Max Setup to|  Process   |Max Hold to |  Process   |                            | Clock  |
Source      | clk (edge) |   Corner   | clk (edge) |   Corner   |Internal Clock(s)           | Phase  |
------------+------------+------------+------------+------------+----------------------------+--------+
start       |   -4.761(F)|      FAST  |    7.314(F)|      SLOW  |curState[1]_PWR_6_o_Mux_71_o|   0.000|
------------+------------+------------+------------+------------+----------------------------+--------+

Setup/Hold to clock reset
------------+------------+------------+------------+------------+----------------------------+--------+
            |Max Setup to|  Process   |Max Hold to |  Process   |                            | Clock  |
Source      | clk (edge) |   Corner   | clk (edge) |   Corner   |Internal Clock(s)           | Phase  |
------------+------------+------------+------------+------------+----------------------------+--------+
start       |   -3.319(F)|      FAST  |    5.049(F)|      SLOW  |curState[1]_PWR_6_o_Mux_71_o|   0.000|
------------+------------+------------+------------+------------+----------------------------+--------+

Clock clk to Pad
-----------------+-----------------+------------+-----------------+------------+------------------+--------+
                 |Max (slowest) clk|  Process   |Min (fastest) clk|  Process   |                  | Clock  |
Destination      |  (edge) to PAD  |   Corner   |  (edge) to PAD  |   Corner   |Internal Clock(s) | Phase  |
-----------------+-----------------+------------+-----------------+------------+------------------+--------+
byte<0>          |         9.159(R)|      SLOW  |         7.384(R)|      FAST  |clk_BUFGP         |   0.000|
byte<1>          |         9.028(R)|      SLOW  |         7.253(R)|      FAST  |clk_BUFGP         |   0.000|
byte<2>          |         9.172(R)|      SLOW  |         7.397(R)|      FAST  |clk_BUFGP         |   0.000|
byte<3>          |         9.143(R)|      SLOW  |         7.368(R)|      FAST  |clk_BUFGP         |   0.000|
byte<4>          |         9.206(R)|      SLOW  |         7.416(R)|      FAST  |clk_BUFGP         |   0.000|
byte<5>          |         9.053(R)|      SLOW  |         7.263(R)|      FAST  |clk_BUFGP         |   0.000|
byte<6>          |         9.326(R)|      SLOW  |         7.536(R)|      FAST  |clk_BUFGP         |   0.000|
byte<7>          |         9.335(R)|      SLOW  |         7.545(R)|      FAST  |clk_BUFGP         |   0.000|
ctrlOut          |         8.394(R)|      SLOW  |         6.595(R)|      FAST  |clk_BUFGP         |   0.000|
dataReady        |         7.866(R)|      SLOW  |         6.091(R)|      FAST  |clk_BUFGP         |   0.000|
dataResults<0><0>|         9.016(R)|      SLOW  |         7.241(R)|      FAST  |clk_BUFGP         |   0.000|
dataResults<0><1>|         8.885(R)|      SLOW  |         7.110(R)|      FAST  |clk_BUFGP         |   0.000|
dataResults<0><2>|         9.018(R)|      SLOW  |         7.243(R)|      FAST  |clk_BUFGP         |   0.000|
dataResults<0><3>|         8.865(R)|      SLOW  |         7.090(R)|      FAST  |clk_BUFGP         |   0.000|
dataResults<0><4>|         9.108(R)|      SLOW  |         7.333(R)|      FAST  |clk_BUFGP         |   0.000|
dataResults<0><5>|         9.097(R)|      SLOW  |         7.322(R)|      FAST  |clk_BUFGP         |   0.000|
dataResults<0><6>|         8.891(R)|      SLOW  |         7.116(R)|      FAST  |clk_BUFGP         |   0.000|
dataResults<0><7>|         8.702(R)|      SLOW  |         6.907(R)|      FAST  |clk_BUFGP         |   0.000|
dataResults<1><0>|         7.677(R)|      SLOW  |         5.902(R)|      FAST  |clk_BUFGP         |   0.000|
dataResults<1><1>|         7.822(R)|      SLOW  |         6.047(R)|      FAST  |clk_BUFGP         |   0.000|
dataResults<1><2>|         8.003(R)|      SLOW  |         6.228(R)|      FAST  |clk_BUFGP         |   0.000|
dataResults<1><3>|         7.937(R)|      SLOW  |         6.162(R)|      FAST  |clk_BUFGP         |   0.000|
dataResults<1><4>|         7.924(R)|      SLOW  |         6.149(R)|      FAST  |clk_BUFGP         |   0.000|
dataResults<1><5>|         7.924(R)|      SLOW  |         6.149(R)|      FAST  |clk_BUFGP         |   0.000|
dataResults<1><6>|         8.144(R)|      SLOW  |         6.369(R)|      FAST  |clk_BUFGP         |   0.000|
dataResults<1><7>|         8.144(R)|      SLOW  |         6.369(R)|      FAST  |clk_BUFGP         |   0.000|
dataResults<2><0>|         9.161(R)|      SLOW  |         7.371(R)|      FAST  |clk_BUFGP         |   0.000|
dataResults<2><1>|         8.980(R)|      SLOW  |         7.190(R)|      FAST  |clk_BUFGP         |   0.000|
dataResults<2><2>|         8.976(R)|      SLOW  |         7.186(R)|      FAST  |clk_BUFGP         |   0.000|
dataResults<2><3>|         8.295(R)|      SLOW  |         6.505(R)|      FAST  |clk_BUFGP         |   0.000|
dataResults<2><4>|         8.330(R)|      SLOW  |         6.555(R)|      FAST  |clk_BUFGP         |   0.000|
dataResults<2><5>|         8.140(R)|      SLOW  |         6.365(R)|      FAST  |clk_BUFGP         |   0.000|
dataResults<2><6>|         8.278(R)|      SLOW  |         6.503(R)|      FAST  |clk_BUFGP         |   0.000|
dataResults<2><7>|         8.296(R)|      SLOW  |         6.521(R)|      FAST  |clk_BUFGP         |   0.000|
dataResults<3><0>|         9.729(R)|      SLOW  |         7.954(R)|      FAST  |clk_BUFGP         |   0.000|
dataResults<3><1>|         9.598(R)|      SLOW  |         7.823(R)|      FAST  |clk_BUFGP         |   0.000|
dataResults<3><2>|         9.800(R)|      SLOW  |         8.025(R)|      FAST  |clk_BUFGP         |   0.000|
dataResults<3><3>|         9.713(R)|      SLOW  |         7.938(R)|      FAST  |clk_BUFGP         |   0.000|
dataResults<3><4>|         9.645(R)|      SLOW  |         7.855(R)|      FAST  |clk_BUFGP         |   0.000|
dataResults<3><5>|         9.625(R)|      SLOW  |         7.835(R)|      FAST  |clk_BUFGP         |   0.000|
dataResults<3><6>|         9.795(R)|      SLOW  |         8.005(R)|      FAST  |clk_BUFGP         |   0.000|
dataResults<3><7>|         9.656(R)|      SLOW  |         7.866(R)|      FAST  |clk_BUFGP         |   0.000|
dataResults<4><0>|         8.261(R)|      SLOW  |         6.486(R)|      FAST  |clk_BUFGP         |   0.000|
dataResults<4><1>|         8.201(R)|      SLOW  |         6.426(R)|      FAST  |clk_BUFGP         |   0.000|
dataResults<4><2>|         8.239(R)|      SLOW  |         6.464(R)|      FAST  |clk_BUFGP         |   0.000|
dataResults<4><3>|         8.203(R)|      SLOW  |         6.428(R)|      FAST  |clk_BUFGP         |   0.000|
dataResults<4><4>|         8.023(R)|      SLOW  |         6.248(R)|      FAST  |clk_BUFGP         |   0.000|
dataResults<4><5>|         7.873(R)|      SLOW  |         6.098(R)|      FAST  |clk_BUFGP         |   0.000|
dataResults<4><6>|         7.851(R)|      SLOW  |         6.076(R)|      FAST  |clk_BUFGP         |   0.000|
dataResults<4><7>|         7.851(R)|      SLOW  |         6.076(R)|      FAST  |clk_BUFGP         |   0.000|
dataResults<5><0>|         8.941(R)|      SLOW  |         7.166(R)|      FAST  |clk_BUFGP         |   0.000|
dataResults<5><1>|         8.809(R)|      SLOW  |         7.034(R)|      FAST  |clk_BUFGP         |   0.000|
dataResults<5><2>|         8.957(R)|      SLOW  |         7.182(R)|      FAST  |clk_BUFGP         |   0.000|
dataResults<5><3>|         8.804(R)|      SLOW  |         7.029(R)|      FAST  |clk_BUFGP         |   0.000|
dataResults<5><4>|         9.033(R)|      SLOW  |         7.258(R)|      FAST  |clk_BUFGP         |   0.000|
dataResults<5><5>|         9.021(R)|      SLOW  |         7.246(R)|      FAST  |clk_BUFGP         |   0.000|
dataResults<5><6>|         8.963(R)|      SLOW  |         7.188(R)|      FAST  |clk_BUFGP         |   0.000|
dataResults<5><7>|         8.858(R)|      SLOW  |         7.083(R)|      FAST  |clk_BUFGP         |   0.000|
dataResults<6><0>|         9.047(R)|      SLOW  |         7.257(R)|      FAST  |clk_BUFGP         |   0.000|
dataResults<6><1>|         9.018(R)|      SLOW  |         7.228(R)|      FAST  |clk_BUFGP         |   0.000|
dataResults<6><2>|         9.237(R)|      SLOW  |         7.447(R)|      FAST  |clk_BUFGP         |   0.000|
dataResults<6><3>|         9.259(R)|      SLOW  |         7.484(R)|      FAST  |clk_BUFGP         |   0.000|
dataResults<6><4>|         9.426(R)|      SLOW  |         7.651(R)|      FAST  |clk_BUFGP         |   0.000|
dataResults<6><5>|         9.282(R)|      SLOW  |         7.507(R)|      FAST  |clk_BUFGP         |   0.000|
dataResults<6><6>|         9.305(R)|      SLOW  |         7.530(R)|      FAST  |clk_BUFGP         |   0.000|
dataResults<6><7>|         9.506(R)|      SLOW  |         7.731(R)|      FAST  |clk_BUFGP         |   0.000|
maxIndex<0><0>   |         9.809(R)|      SLOW  |         7.907(R)|      FAST  |clk_BUFGP         |   0.000|
maxIndex<0><1>   |        15.384(R)|      SLOW  |         8.072(R)|      FAST  |clk_BUFGP         |   0.000|
maxIndex<0><2>   |        15.652(R)|      SLOW  |         7.867(R)|      FAST  |clk_BUFGP         |   0.000|
maxIndex<0><3>   |        15.473(R)|      SLOW  |         7.853(R)|      FAST  |clk_BUFGP         |   0.000|
maxIndex<1><0>   |        16.043(R)|      SLOW  |         8.682(R)|      FAST  |clk_BUFGP         |   0.000|
maxIndex<1><1>   |        16.859(R)|      SLOW  |         8.998(R)|      FAST  |clk_BUFGP         |   0.000|
maxIndex<1><2>   |        17.180(R)|      SLOW  |         9.338(R)|      FAST  |clk_BUFGP         |   0.000|
maxIndex<1><3>   |        17.054(R)|      SLOW  |         9.054(R)|      FAST  |clk_BUFGP         |   0.000|
maxIndex<2><0>   |        16.957(R)|      SLOW  |         9.015(R)|      FAST  |clk_BUFGP         |   0.000|
maxIndex<2><1>   |        17.282(R)|      SLOW  |         9.503(R)|      FAST  |clk_BUFGP         |   0.000|
maxIndex<2><2>   |        17.339(R)|      SLOW  |         9.583(R)|      FAST  |clk_BUFGP         |   0.000|
maxIndex<2><3>   |        17.697(R)|      SLOW  |         9.606(R)|      FAST  |clk_BUFGP         |   0.000|
seqDone          |         7.909(R)|      SLOW  |         6.110(R)|      FAST  |clk_BUFGP         |   0.000|
-----------------+-----------------+------------+-----------------+------------+------------------+--------+

Clock to Setup on destination clock clk
------------------+---------+---------+---------+---------+
                  | Src:Rise| Src:Fall| Src:Rise| Src:Fall|
Source Clock      |Dest:Rise|Dest:Rise|Dest:Fall|Dest:Fall|
------------------+---------+---------+---------+---------+
clk               |    5.445|         |         |         |
numWords_bcd<0><0>|    7.120|    7.512|         |         |
numWords_bcd<0><1>|    8.367|    8.367|         |         |
numWords_bcd<0><2>|    8.227|    8.227|         |         |
numWords_bcd<0><3>|    8.299|    8.299|         |         |
numWords_bcd<1><0>|    8.916|    8.916|         |         |
numWords_bcd<1><1>|    8.947|    8.947|         |         |
numWords_bcd<1><2>|    9.045|    9.045|         |         |
numWords_bcd<1><3>|    8.776|    8.776|         |         |
numWords_bcd<2><0>|    9.606|    9.606|         |         |
numWords_bcd<2><1>|    9.666|    9.666|         |         |
numWords_bcd<2><2>|    9.577|    9.577|         |         |
numWords_bcd<2><3>|    9.688|    9.688|         |         |
reset             |    7.337|    7.512|         |         |
------------------+---------+---------+---------+---------+

Clock to Setup on destination clock numWords_bcd<0><0>
------------------+---------+---------+---------+---------+
                  | Src:Rise| Src:Fall| Src:Rise| Src:Fall|
Source Clock      |Dest:Rise|Dest:Rise|Dest:Fall|Dest:Fall|
------------------+---------+---------+---------+---------+
clk               |         |         |   -2.579|         |
numWords_bcd<0><0>|         |         |   -0.302|   -0.302|
numWords_bcd<0><1>|         |         |    0.945|    0.945|
numWords_bcd<0><2>|         |         |    0.805|    0.805|
numWords_bcd<0><3>|         |         |    0.877|    0.877|
numWords_bcd<1><0>|         |         |    1.494|    1.494|
numWords_bcd<1><1>|         |         |    1.525|    1.525|
numWords_bcd<1><2>|         |         |    1.623|    1.623|
numWords_bcd<1><3>|         |         |    1.354|    1.354|
numWords_bcd<2><0>|         |         |    2.184|    2.184|
numWords_bcd<2><1>|         |         |    2.244|    2.244|
numWords_bcd<2><2>|         |         |    2.155|    2.155|
numWords_bcd<2><3>|         |         |    2.266|    2.266|
reset             |         |         |   -0.085|   -0.085|
------------------+---------+---------+---------+---------+

Clock to Setup on destination clock numWords_bcd<0><1>
------------------+---------+---------+---------+---------+
                  | Src:Rise| Src:Fall| Src:Rise| Src:Fall|
Source Clock      |Dest:Rise|Dest:Rise|Dest:Fall|Dest:Fall|
------------------+---------+---------+---------+---------+
clk               |         |         |   -2.579|         |
numWords_bcd<0><0>|         |         |   -0.769|   -0.769|
numWords_bcd<0><1>|         |         |    0.432|    0.432|
numWords_bcd<0><2>|         |         |    0.292|    0.292|
numWords_bcd<0><3>|         |         |    0.364|    0.364|
numWords_bcd<1><0>|         |         |    0.981|    0.981|
numWords_bcd<1><1>|         |         |    1.012|    1.012|
numWords_bcd<1><2>|         |         |    1.110|    1.110|
numWords_bcd<1><3>|         |         |    0.841|    0.841|
numWords_bcd<2><0>|         |         |    1.671|    1.671|
numWords_bcd<2><1>|         |         |    1.731|    1.731|
numWords_bcd<2><2>|         |         |    1.642|    1.642|
numWords_bcd<2><3>|         |         |    1.753|    1.753|
reset             |         |         |   -0.519|   -0.519|
------------------+---------+---------+---------+---------+

Clock to Setup on destination clock numWords_bcd<0><2>
------------------+---------+---------+---------+---------+
                  | Src:Rise| Src:Fall| Src:Rise| Src:Fall|
Source Clock      |Dest:Rise|Dest:Rise|Dest:Fall|Dest:Fall|
------------------+---------+---------+---------+---------+
clk               |         |         |   -2.579|         |
numWords_bcd<0><0>|         |         |   -0.832|   -0.832|
numWords_bcd<0><1>|         |         |    0.357|    0.357|
numWords_bcd<0><2>|         |         |    0.217|    0.217|
numWords_bcd<0><3>|         |         |    0.289|    0.289|
numWords_bcd<1><0>|         |         |    0.906|    0.906|
numWords_bcd<1><1>|         |         |    0.937|    0.937|
numWords_bcd<1><2>|         |         |    1.035|    1.035|
numWords_bcd<1><3>|         |         |    0.766|    0.766|
numWords_bcd<2><0>|         |         |    1.596|    1.596|
numWords_bcd<2><1>|         |         |    1.656|    1.656|
numWords_bcd<2><2>|         |         |    1.567|    1.567|
numWords_bcd<2><3>|         |         |    1.678|    1.678|
reset             |         |         |   -0.582|   -0.582|
------------------+---------+---------+---------+---------+

Clock to Setup on destination clock numWords_bcd<0><3>
------------------+---------+---------+---------+---------+
                  | Src:Rise| Src:Fall| Src:Rise| Src:Fall|
Source Clock      |Dest:Rise|Dest:Rise|Dest:Fall|Dest:Fall|
------------------+---------+---------+---------+---------+
clk               |         |         |   -2.579|         |
numWords_bcd<0><0>|         |         |   -0.927|   -0.927|
numWords_bcd<0><1>|         |         |    0.320|    0.320|
numWords_bcd<0><2>|         |         |    0.180|    0.180|
numWords_bcd<0><3>|         |         |    0.252|    0.252|
numWords_bcd<1><0>|         |         |    0.869|    0.869|
numWords_bcd<1><1>|         |         |    0.900|    0.900|
numWords_bcd<1><2>|         |         |    0.998|    0.998|
numWords_bcd<1><3>|         |         |    0.729|    0.729|
numWords_bcd<2><0>|         |         |    1.559|    1.559|
numWords_bcd<2><1>|         |         |    1.619|    1.619|
numWords_bcd<2><2>|         |         |    1.530|    1.530|
numWords_bcd<2><3>|         |         |    1.641|    1.641|
reset             |         |         |   -0.689|   -0.689|
------------------+---------+---------+---------+---------+

Clock to Setup on destination clock numWords_bcd<1><0>
------------------+---------+---------+---------+---------+
                  | Src:Rise| Src:Fall| Src:Rise| Src:Fall|
Source Clock      |Dest:Rise|Dest:Rise|Dest:Fall|Dest:Fall|
------------------+---------+---------+---------+---------+
clk               |         |         |   -2.579|         |
numWords_bcd<0><0>|         |         |   -0.159|   -0.159|
numWords_bcd<0><1>|         |         |    1.073|    1.073|
numWords_bcd<0><2>|         |         |    0.933|    0.933|
numWords_bcd<0><3>|         |         |    1.005|    1.005|
numWords_bcd<1><0>|         |         |    1.622|    1.622|
numWords_bcd<1><1>|         |         |    1.653|    1.653|
numWords_bcd<1><2>|         |         |    1.751|    1.751|
numWords_bcd<1><3>|         |         |    1.482|    1.482|
numWords_bcd<2><0>|         |         |    2.312|    2.312|
numWords_bcd<2><1>|         |         |    2.372|    2.372|
numWords_bcd<2><2>|         |         |    2.283|    2.283|
numWords_bcd<2><3>|         |         |    2.394|    2.394|
reset             |         |         |    0.091|    0.091|
------------------+---------+---------+---------+---------+

Clock to Setup on destination clock numWords_bcd<1><1>
------------------+---------+---------+---------+---------+
                  | Src:Rise| Src:Fall| Src:Rise| Src:Fall|
Source Clock      |Dest:Rise|Dest:Rise|Dest:Fall|Dest:Fall|
------------------+---------+---------+---------+---------+
clk               |         |         |   -2.579|         |
numWords_bcd<0><0>|         |         |   -0.986|   -0.986|
numWords_bcd<0><1>|         |         |    0.156|    0.156|
numWords_bcd<0><2>|         |         |    0.016|    0.016|
numWords_bcd<0><3>|         |         |    0.088|    0.088|
numWords_bcd<1><0>|         |         |    0.705|    0.705|
numWords_bcd<1><1>|         |         |    0.736|    0.736|
numWords_bcd<1><2>|         |         |    0.834|    0.834|
numWords_bcd<1><3>|         |         |    0.565|    0.565|
numWords_bcd<2><0>|         |         |    1.395|    1.395|
numWords_bcd<2><1>|         |         |    1.455|    1.455|
numWords_bcd<2><2>|         |         |    1.366|    1.366|
numWords_bcd<2><3>|         |         |    1.477|    1.477|
reset             |         |         |   -0.736|   -0.736|
------------------+---------+---------+---------+---------+

Clock to Setup on destination clock numWords_bcd<1><2>
------------------+---------+---------+---------+---------+
                  | Src:Rise| Src:Fall| Src:Rise| Src:Fall|
Source Clock      |Dest:Rise|Dest:Rise|Dest:Fall|Dest:Fall|
------------------+---------+---------+---------+---------+
clk               |         |         |   -2.579|         |
numWords_bcd<0><0>|         |         |   -1.181|   -1.181|
numWords_bcd<0><1>|         |         |   -0.071|   -0.071|
numWords_bcd<0><2>|         |         |   -0.211|   -0.211|
numWords_bcd<0><3>|         |         |   -0.139|   -0.139|
numWords_bcd<1><0>|         |         |    0.478|    0.478|
numWords_bcd<1><1>|         |         |    0.509|    0.509|
numWords_bcd<1><2>|         |         |    0.607|    0.607|
numWords_bcd<1><3>|         |         |    0.338|    0.338|
numWords_bcd<2><0>|         |         |    1.168|    1.168|
numWords_bcd<2><1>|         |         |    1.228|    1.228|
numWords_bcd<2><2>|         |         |    1.139|    1.139|
numWords_bcd<2><3>|         |         |    1.250|    1.250|
reset             |         |         |   -0.931|   -0.931|
------------------+---------+---------+---------+---------+

Clock to Setup on destination clock numWords_bcd<1><3>
------------------+---------+---------+---------+---------+
                  | Src:Rise| Src:Fall| Src:Rise| Src:Fall|
Source Clock      |Dest:Rise|Dest:Rise|Dest:Fall|Dest:Fall|
------------------+---------+---------+---------+---------+
clk               |         |         |   -2.579|         |
numWords_bcd<0><0>|         |         |   -1.141|   -1.141|
numWords_bcd<0><1>|         |         |    0.001|    0.001|
numWords_bcd<0><2>|         |         |   -0.139|   -0.139|
numWords_bcd<0><3>|         |         |   -0.067|   -0.067|
numWords_bcd<1><0>|         |         |    0.550|    0.550|
numWords_bcd<1><1>|         |         |    0.581|    0.581|
numWords_bcd<1><2>|         |         |    0.679|    0.679|
numWords_bcd<1><3>|         |         |    0.410|    0.410|
numWords_bcd<2><0>|         |         |    1.240|    1.240|
numWords_bcd<2><1>|         |         |    1.300|    1.300|
numWords_bcd<2><2>|         |         |    1.211|    1.211|
numWords_bcd<2><3>|         |         |    1.322|    1.322|
reset             |         |         |   -0.891|   -0.891|
------------------+---------+---------+---------+---------+

Clock to Setup on destination clock numWords_bcd<2><0>
------------------+---------+---------+---------+---------+
                  | Src:Rise| Src:Fall| Src:Rise| Src:Fall|
Source Clock      |Dest:Rise|Dest:Rise|Dest:Fall|Dest:Fall|
------------------+---------+---------+---------+---------+
clk               |         |         |   -2.579|         |
numWords_bcd<0><0>|         |         |   -0.703|   -0.703|
numWords_bcd<0><1>|         |         |    0.424|    0.424|
numWords_bcd<0><2>|         |         |    0.284|    0.284|
numWords_bcd<0><3>|         |         |    0.356|    0.356|
numWords_bcd<1><0>|         |         |    0.973|    0.973|
numWords_bcd<1><1>|         |         |    1.004|    1.004|
numWords_bcd<1><2>|         |         |    1.102|    1.102|
numWords_bcd<1><3>|         |         |    0.833|    0.833|
numWords_bcd<2><0>|         |         |    1.663|    1.663|
numWords_bcd<2><1>|         |         |    1.723|    1.723|
numWords_bcd<2><2>|         |         |    1.634|    1.634|
numWords_bcd<2><3>|         |         |    1.745|    1.745|
reset             |         |         |   -0.453|   -0.453|
------------------+---------+---------+---------+---------+

Clock to Setup on destination clock numWords_bcd<2><1>
------------------+---------+---------+---------+---------+
                  | Src:Rise| Src:Fall| Src:Rise| Src:Fall|
Source Clock      |Dest:Rise|Dest:Rise|Dest:Fall|Dest:Fall|
------------------+---------+---------+---------+---------+
clk               |         |         |   -2.579|         |
numWords_bcd<0><0>|         |         |   -0.975|   -0.975|
numWords_bcd<0><1>|         |         |    0.171|    0.171|
numWords_bcd<0><2>|         |         |    0.031|    0.031|
numWords_bcd<0><3>|         |         |    0.103|    0.103|
numWords_bcd<1><0>|         |         |    0.720|    0.720|
numWords_bcd<1><1>|         |         |    0.751|    0.751|
numWords_bcd<1><2>|         |         |    0.849|    0.849|
numWords_bcd<1><3>|         |         |    0.580|    0.580|
numWords_bcd<2><0>|         |         |    1.410|    1.410|
numWords_bcd<2><1>|         |         |    1.470|    1.470|
numWords_bcd<2><2>|         |         |    1.381|    1.381|
numWords_bcd<2><3>|         |         |    1.492|    1.492|
reset             |         |         |   -0.725|   -0.725|
------------------+---------+---------+---------+---------+

Clock to Setup on destination clock numWords_bcd<2><2>
------------------+---------+---------+---------+---------+
                  | Src:Rise| Src:Fall| Src:Rise| Src:Fall|
Source Clock      |Dest:Rise|Dest:Rise|Dest:Fall|Dest:Fall|
------------------+---------+---------+---------+---------+
clk               |         |         |   -2.579|         |
numWords_bcd<0><0>|         |         |   -0.976|   -0.976|
numWords_bcd<0><1>|         |         |    0.148|    0.148|
numWords_bcd<0><2>|         |         |    0.008|    0.008|
numWords_bcd<0><3>|         |         |    0.080|    0.080|
numWords_bcd<1><0>|         |         |    0.697|    0.697|
numWords_bcd<1><1>|         |         |    0.728|    0.728|
numWords_bcd<1><2>|         |         |    0.826|    0.826|
numWords_bcd<1><3>|         |         |    0.557|    0.557|
numWords_bcd<2><0>|         |         |    1.387|    1.387|
numWords_bcd<2><1>|         |         |    1.447|    1.447|
numWords_bcd<2><2>|         |         |    1.358|    1.358|
numWords_bcd<2><3>|         |         |    1.469|    1.469|
reset             |         |         |   -0.726|   -0.726|
------------------+---------+---------+---------+---------+

Clock to Setup on destination clock numWords_bcd<2><3>
------------------+---------+---------+---------+---------+
                  | Src:Rise| Src:Fall| Src:Rise| Src:Fall|
Source Clock      |Dest:Rise|Dest:Rise|Dest:Fall|Dest:Fall|
------------------+---------+---------+---------+---------+
clk               |         |         |   -2.579|         |
numWords_bcd<0><0>|         |         |   -1.636|   -1.636|
numWords_bcd<0><1>|         |         |   -0.572|   -0.572|
numWords_bcd<0><2>|         |         |   -0.699|   -0.699|
numWords_bcd<0><3>|         |         |   -0.615|   -0.615|
numWords_bcd<1><0>|         |         |   -0.069|   -0.069|
numWords_bcd<1><1>|         |         |   -0.038|   -0.038|
numWords_bcd<1><2>|         |         |    0.060|    0.060|
numWords_bcd<1><3>|         |         |   -0.209|   -0.209|
numWords_bcd<2><0>|         |         |    0.621|    0.621|
numWords_bcd<2><1>|         |         |    0.681|    0.681|
numWords_bcd<2><2>|         |         |    0.592|    0.592|
numWords_bcd<2><3>|         |         |    0.703|    0.703|
reset             |         |         |   -1.386|   -1.386|
------------------+---------+---------+---------+---------+

Clock to Setup on destination clock reset
------------------+---------+---------+---------+---------+
                  | Src:Rise| Src:Fall| Src:Rise| Src:Fall|
Source Clock      |Dest:Rise|Dest:Rise|Dest:Fall|Dest:Fall|
------------------+---------+---------+---------+---------+
clk               |         |         |   -2.579|         |
numWords_bcd<0><0>|         |         |   -0.066|   -0.066|
numWords_bcd<0><1>|         |         |    1.181|    1.181|
numWords_bcd<0><2>|         |         |    1.041|    1.041|
numWords_bcd<0><3>|         |         |    1.113|    1.113|
numWords_bcd<1><0>|         |         |    1.730|    1.730|
numWords_bcd<1><1>|         |         |    1.761|    1.761|
numWords_bcd<1><2>|         |         |    1.859|    1.859|
numWords_bcd<1><3>|         |         |    1.590|    1.590|
numWords_bcd<2><0>|         |         |    2.420|    2.420|
numWords_bcd<2><1>|         |         |    2.480|    2.480|
numWords_bcd<2><2>|         |         |    2.391|    2.391|
numWords_bcd<2><3>|         |         |    2.502|    2.502|
reset             |         |         |    0.151|    0.151|
------------------+---------+---------+---------+---------+

Pad to Pad
---------------+---------------+---------+
Source Pad     |Destination Pad|  Delay  |
---------------+---------------+---------+
reset          |maxIndex<0><0> |   11.152|
reset          |maxIndex<0><1> |   11.441|
reset          |maxIndex<0><2> |   11.704|
reset          |maxIndex<0><3> |   11.567|
reset          |maxIndex<1><0> |   12.081|
reset          |maxIndex<1><1> |   11.600|
reset          |maxIndex<1><2> |   12.185|
reset          |maxIndex<1><3> |   11.873|
reset          |maxIndex<2><0> |   11.869|
reset          |maxIndex<2><1> |   12.378|
reset          |maxIndex<2><2> |   12.435|
reset          |maxIndex<2><3> |   12.384|
---------------+---------------+---------+


Analysis completed Wed Mar 22 22:07:05 2017 
--------------------------------------------------------------------------------

Trace Settings:
-------------------------
Trace Settings 

Peak Memory Usage: 175 MB



