--------------------------------------------------------------------------------
Release 14.7 Trace  (nt)
Copyright (c) 1995-2013 Xilinx, Inc.  All rights reserved.

E:\Program Files\Xilinx ISE\14.7\ISE_DS\ISE\bin\nt\unwrapped\trce.exe -filter
C:/Users/Naimul Hoque/Documents/Uni Work/Year 2/Digital Design/Assignment 2/UART/Digital-Design-Assignment-2/fullSystem/FULL_SYSTEM/iseconfig/filter.filter
-intstyle ise -v 3 -s 3 -n 3 -fastpaths -xml PEAK_DETECTOR.twx
PEAK_DETECTOR.ncd -o PEAK_DETECTOR.twr PEAK_DETECTOR.pcf

Design file:              PEAK_DETECTOR.ncd
Physical constraint file: PEAK_DETECTOR.pcf
Device,package,speed:     xc6slx16,csg324,C,-3 (PRODUCTION 1.23 2013-10-13)
Report level:             verbose report

Environment Variable      Effect 
--------------------      ------ 
NONE                      No environment variables were set
--------------------------------------------------------------------------------

INFO:Timing:3412 - To improve timing, see the Timing Closure User Guide (UG612).
INFO:Timing:2752 - To get complete path coverage, use the unconstrained paths 
   option. All paths that are not constrained will be reported in the 
   unconstrained paths section(s) of the report.
INFO:Timing:3339 - The clock-to-out numbers in this timing report are based on 
   a 50 Ohm transmission line loading model.  For the details of this model, 
   and for more information on accounting for different loading conditions, 
   please see the device datasheet.

================================================================================
Timing constraint: TS_sys_clk_pin = PERIOD TIMEGRP "sys_clk_pin" 100 MHz HIGH 
50%;
For more information, see Period Analysis in the Timing Closure User Guide (UG612).

 5684 paths analyzed, 814 endpoints analyzed, 0 failing endpoints
 0 timing errors detected. (0 setup errors, 0 hold errors, 0 component switching limit errors)
 Minimum period is   6.122ns.
--------------------------------------------------------------------------------

Paths for end point data/data_reg_2 (SLICE_X12Y20.C3), 209 paths
--------------------------------------------------------------------------------
Slack (setup path):     3.878ns (requirement - (data path - clock path skew + uncertainty))
  Source:               gen/index_1 (FF)
  Destination:          data/data_reg_2 (FF)
  Requirement:          10.000ns
  Data Path Delay:      6.045ns (Levels of Logic = 4)
  Clock Path Skew:      -0.042ns (0.251 - 0.293)
  Source Clock:         clk_BUFGP rising at 0.000ns
  Destination Clock:    clk_BUFGP rising at 10.000ns
  Clock Uncertainty:    0.035ns

  Clock Uncertainty:          0.035ns  ((TSJ^2 + TIJ^2)^1/2 + DJ) / 2 + PE
    Total System Jitter (TSJ):  0.070ns
    Total Input Jitter (TIJ):   0.000ns
    Discrete Jitter (DJ):       0.000ns
    Phase Error (PE):           0.000ns

  Maximum Data Path at Slow Process Corner: gen/index_1 to data/data_reg_2
    Location             Delay type         Delay(ns)  Physical Resource
                                                       Logical Resource(s)
    -------------------------------------------------  -------------------
    SLICE_X6Y17.BQ       Tcko                  0.447   gen/index<3>
                                                       gen/index_1
    SLICE_X9Y12.A1       net (fanout=9)        1.101   gen/index<1>
    SLICE_X9Y12.A        Tilo                  0.259   gen_Mram_GND_5_o_X_5_o_wide_mux_8_OUT10
                                                       gen/Msub_GND_5_o_GND_5_o_sub_8_OUT<8:0>_xor<1>11
    SLICE_X5Y19.D2       net (fanout=64)       1.663   gen/GND_5_o_GND_5_o_sub_8_OUT<1>
    SLICE_X5Y19.D        Tilo                  0.259   gen/index_0_2
                                                       gen_Mram_GND_5_o_X_5_o_wide_mux_8_OUT72
    SLICE_X6Y14.C6       net (fanout=1)        0.548   gen_Mram_GND_5_o_X_5_o_wide_mux_8_OUT72
    SLICE_X6Y14.CMUX     Tilo                  0.361   gen_Mram_GND_5_o_X_5_o_wide_mux_8_OUT63
                                                       gen_Mram_GND_5_o_X_5_o_wide_mux_8_OUT81_G
                                                       gen_Mram_GND_5_o_X_5_o_wide_mux_8_OUT81
    SLICE_X12Y20.C3      net (fanout=1)        1.066   gen/GND_5_o_X_5_o_wide_mux_8_OUT<2>
    SLICE_X12Y20.CLK     Tas                   0.341   data/data_reg<3>
                                                       gen/Mmux_data31
                                                       data/data_reg_2
    -------------------------------------------------  ---------------------------
    Total                                      6.045ns (1.667ns logic, 4.378ns route)
                                                       (27.6% logic, 72.4% route)

--------------------------------------------------------------------------------
Slack (setup path):     3.895ns (requirement - (data path - clock path skew + uncertainty))
  Source:               gen/index_0_2 (FF)
  Destination:          data/data_reg_2 (FF)
  Requirement:          10.000ns
  Data Path Delay:      6.027ns (Levels of Logic = 4)
  Clock Path Skew:      -0.043ns (0.251 - 0.294)
  Source Clock:         clk_BUFGP rising at 0.000ns
  Destination Clock:    clk_BUFGP rising at 10.000ns
  Clock Uncertainty:    0.035ns

  Clock Uncertainty:          0.035ns  ((TSJ^2 + TIJ^2)^1/2 + DJ) / 2 + PE
    Total System Jitter (TSJ):  0.070ns
    Total Input Jitter (TIJ):   0.000ns
    Discrete Jitter (DJ):       0.000ns
    Phase Error (PE):           0.000ns

  Maximum Data Path at Slow Process Corner: gen/index_0_2 to data/data_reg_2
    Location             Delay type         Delay(ns)  Physical Resource
                                                       Logical Resource(s)
    -------------------------------------------------  -------------------
    SLICE_X5Y19.BQ       Tcko                  0.391   gen/index_0_2
                                                       gen/index_0_2
    SLICE_X9Y12.A5       net (fanout=69)       1.139   gen/index_0_2
    SLICE_X9Y12.A        Tilo                  0.259   gen_Mram_GND_5_o_X_5_o_wide_mux_8_OUT10
                                                       gen/Msub_GND_5_o_GND_5_o_sub_8_OUT<8:0>_xor<1>11
    SLICE_X5Y19.D2       net (fanout=64)       1.663   gen/GND_5_o_GND_5_o_sub_8_OUT<1>
    SLICE_X5Y19.D        Tilo                  0.259   gen/index_0_2
                                                       gen_Mram_GND_5_o_X_5_o_wide_mux_8_OUT72
    SLICE_X6Y14.C6       net (fanout=1)        0.548   gen_Mram_GND_5_o_X_5_o_wide_mux_8_OUT72
    SLICE_X6Y14.CMUX     Tilo                  0.361   gen_Mram_GND_5_o_X_5_o_wide_mux_8_OUT63
                                                       gen_Mram_GND_5_o_X_5_o_wide_mux_8_OUT81_G
                                                       gen_Mram_GND_5_o_X_5_o_wide_mux_8_OUT81
    SLICE_X12Y20.C3      net (fanout=1)        1.066   gen/GND_5_o_X_5_o_wide_mux_8_OUT<2>
    SLICE_X12Y20.CLK     Tas                   0.341   data/data_reg<3>
                                                       gen/Mmux_data31
                                                       data/data_reg_2
    -------------------------------------------------  ---------------------------
    Total                                      6.027ns (1.611ns logic, 4.416ns route)
                                                       (26.7% logic, 73.3% route)

--------------------------------------------------------------------------------
Slack (setup path):     4.222ns (requirement - (data path - clock path skew + uncertainty))
  Source:               gen/index_1 (FF)
  Destination:          data/data_reg_2 (FF)
  Requirement:          10.000ns
  Data Path Delay:      5.701ns (Levels of Logic = 4)
  Clock Path Skew:      -0.042ns (0.251 - 0.293)
  Source Clock:         clk_BUFGP rising at 0.000ns
  Destination Clock:    clk_BUFGP rising at 10.000ns
  Clock Uncertainty:    0.035ns

  Clock Uncertainty:          0.035ns  ((TSJ^2 + TIJ^2)^1/2 + DJ) / 2 + PE
    Total System Jitter (TSJ):  0.070ns
    Total Input Jitter (TIJ):   0.000ns
    Discrete Jitter (DJ):       0.000ns
    Phase Error (PE):           0.000ns

  Maximum Data Path at Slow Process Corner: gen/index_1 to data/data_reg_2
    Location             Delay type         Delay(ns)  Physical Resource
                                                       Logical Resource(s)
    -------------------------------------------------  -------------------
    SLICE_X6Y17.BQ       Tcko                  0.447   gen/index<3>
                                                       gen/index_1
    SLICE_X7Y18.A1       net (fanout=9)        0.625   gen/index<1>
    SLICE_X7Y18.A        Tilo                  0.259   gen_Mram_GND_5_o_X_5_o_wide_mux_8_OUT16
                                                       gen/Msub_GND_5_o_GND_5_o_sub_8_OUT<8:0>_xor<3>11
    SLICE_X9Y12.B3       net (fanout=64)       1.695   gen/GND_5_o_GND_5_o_sub_8_OUT<3>
    SLICE_X9Y12.B        Tilo                  0.259   gen_Mram_GND_5_o_X_5_o_wide_mux_8_OUT10
                                                       gen_Mram_GND_5_o_X_5_o_wide_mux_8_OUT7
    SLICE_X6Y14.C5       net (fanout=1)        0.648   gen_Mram_GND_5_o_X_5_o_wide_mux_8_OUT7
    SLICE_X6Y14.CMUX     Tilo                  0.361   gen_Mram_GND_5_o_X_5_o_wide_mux_8_OUT63
                                                       gen_Mram_GND_5_o_X_5_o_wide_mux_8_OUT81_G
                                                       gen_Mram_GND_5_o_X_5_o_wide_mux_8_OUT81
    SLICE_X12Y20.C3      net (fanout=1)        1.066   gen/GND_5_o_X_5_o_wide_mux_8_OUT<2>
    SLICE_X12Y20.CLK     Tas                   0.341   data/data_reg<3>
                                                       gen/Mmux_data31
                                                       data/data_reg_2
    -------------------------------------------------  ---------------------------
    Total                                      5.701ns (1.667ns logic, 4.034ns route)
                                                       (29.2% logic, 70.8% route)

--------------------------------------------------------------------------------

Paths for end point data/data_reg_0 (SLICE_X12Y20.A4), 209 paths
--------------------------------------------------------------------------------
Slack (setup path):     4.006ns (requirement - (data path - clock path skew + uncertainty))
  Source:               gen/index_1 (FF)
  Destination:          data/data_reg_0 (FF)
  Requirement:          10.000ns
  Data Path Delay:      5.917ns (Levels of Logic = 4)
  Clock Path Skew:      -0.042ns (0.251 - 0.293)
  Source Clock:         clk_BUFGP rising at 0.000ns
  Destination Clock:    clk_BUFGP rising at 10.000ns
  Clock Uncertainty:    0.035ns

  Clock Uncertainty:          0.035ns  ((TSJ^2 + TIJ^2)^1/2 + DJ) / 2 + PE
    Total System Jitter (TSJ):  0.070ns
    Total Input Jitter (TIJ):   0.000ns
    Discrete Jitter (DJ):       0.000ns
    Phase Error (PE):           0.000ns

  Maximum Data Path at Slow Process Corner: gen/index_1 to data/data_reg_0
    Location             Delay type         Delay(ns)  Physical Resource
                                                       Logical Resource(s)
    -------------------------------------------------  -------------------
    SLICE_X6Y17.BQ       Tcko                  0.447   gen/index<3>
                                                       gen/index_1
    SLICE_X9Y12.A1       net (fanout=9)        1.101   gen/index<1>
    SLICE_X9Y12.A        Tilo                  0.259   gen_Mram_GND_5_o_X_5_o_wide_mux_8_OUT10
                                                       gen/Msub_GND_5_o_GND_5_o_sub_8_OUT<8:0>_xor<1>11
    SLICE_X3Y15.A5       net (fanout=64)       1.399   gen/GND_5_o_GND_5_o_sub_8_OUT<1>
    SLICE_X3Y15.A        Tilo                  0.259   gen_Mram_GND_5_o_X_5_o_wide_mux_8_OUT12
                                                       gen_Mram_GND_5_o_X_5_o_wide_mux_8_OUT12
    SLICE_X4Y15.D3       net (fanout=1)        0.644   gen_Mram_GND_5_o_X_5_o_wide_mux_8_OUT12
    SLICE_X4Y15.CMUX     Topdc                 0.338   gen_Mram_GND_5_o_X_5_o_wide_mux_8_OUT3
                                                       gen_Mram_GND_5_o_X_5_o_wide_mux_8_OUT215_F
                                                       gen_Mram_GND_5_o_X_5_o_wide_mux_8_OUT215
    SLICE_X12Y20.A4      net (fanout=1)        1.129   gen/GND_5_o_X_5_o_wide_mux_8_OUT<0>
    SLICE_X12Y20.CLK     Tas                   0.341   data/data_reg<3>
                                                       gen/Mmux_data11
                                                       data/data_reg_0
    -------------------------------------------------  ---------------------------
    Total                                      5.917ns (1.644ns logic, 4.273ns route)
                                                       (27.8% logic, 72.2% route)

--------------------------------------------------------------------------------
Slack (setup path):     4.023ns (requirement - (data path - clock path skew + uncertainty))
  Source:               gen/index_0_2 (FF)
  Destination:          data/data_reg_0 (FF)
  Requirement:          10.000ns
  Data Path Delay:      5.899ns (Levels of Logic = 4)
  Clock Path Skew:      -0.043ns (0.251 - 0.294)
  Source Clock:         clk_BUFGP rising at 0.000ns
  Destination Clock:    clk_BUFGP rising at 10.000ns
  Clock Uncertainty:    0.035ns

  Clock Uncertainty:          0.035ns  ((TSJ^2 + TIJ^2)^1/2 + DJ) / 2 + PE
    Total System Jitter (TSJ):  0.070ns
    Total Input Jitter (TIJ):   0.000ns
    Discrete Jitter (DJ):       0.000ns
    Phase Error (PE):           0.000ns

  Maximum Data Path at Slow Process Corner: gen/index_0_2 to data/data_reg_0
    Location             Delay type         Delay(ns)  Physical Resource
                                                       Logical Resource(s)
    -------------------------------------------------  -------------------
    SLICE_X5Y19.BQ       Tcko                  0.391   gen/index_0_2
                                                       gen/index_0_2
    SLICE_X9Y12.A5       net (fanout=69)       1.139   gen/index_0_2
    SLICE_X9Y12.A        Tilo                  0.259   gen_Mram_GND_5_o_X_5_o_wide_mux_8_OUT10
                                                       gen/Msub_GND_5_o_GND_5_o_sub_8_OUT<8:0>_xor<1>11
    SLICE_X3Y15.A5       net (fanout=64)       1.399   gen/GND_5_o_GND_5_o_sub_8_OUT<1>
    SLICE_X3Y15.A        Tilo                  0.259   gen_Mram_GND_5_o_X_5_o_wide_mux_8_OUT12
                                                       gen_Mram_GND_5_o_X_5_o_wide_mux_8_OUT12
    SLICE_X4Y15.D3       net (fanout=1)        0.644   gen_Mram_GND_5_o_X_5_o_wide_mux_8_OUT12
    SLICE_X4Y15.CMUX     Topdc                 0.338   gen_Mram_GND_5_o_X_5_o_wide_mux_8_OUT3
                                                       gen_Mram_GND_5_o_X_5_o_wide_mux_8_OUT215_F
                                                       gen_Mram_GND_5_o_X_5_o_wide_mux_8_OUT215
    SLICE_X12Y20.A4      net (fanout=1)        1.129   gen/GND_5_o_X_5_o_wide_mux_8_OUT<0>
    SLICE_X12Y20.CLK     Tas                   0.341   data/data_reg<3>
                                                       gen/Mmux_data11
                                                       data/data_reg_0
    -------------------------------------------------  ---------------------------
    Total                                      5.899ns (1.588ns logic, 4.311ns route)
                                                       (26.9% logic, 73.1% route)

--------------------------------------------------------------------------------
Slack (setup path):     4.096ns (requirement - (data path - clock path skew + uncertainty))
  Source:               gen/index_1 (FF)
  Destination:          data/data_reg_0 (FF)
  Requirement:          10.000ns
  Data Path Delay:      5.827ns (Levels of Logic = 4)
  Clock Path Skew:      -0.042ns (0.251 - 0.293)
  Source Clock:         clk_BUFGP rising at 0.000ns
  Destination Clock:    clk_BUFGP rising at 10.000ns
  Clock Uncertainty:    0.035ns

  Clock Uncertainty:          0.035ns  ((TSJ^2 + TIJ^2)^1/2 + DJ) / 2 + PE
    Total System Jitter (TSJ):  0.070ns
    Total Input Jitter (TIJ):   0.000ns
    Discrete Jitter (DJ):       0.000ns
    Phase Error (PE):           0.000ns

  Maximum Data Path at Slow Process Corner: gen/index_1 to data/data_reg_0
    Location             Delay type         Delay(ns)  Physical Resource
                                                       Logical Resource(s)
    -------------------------------------------------  -------------------
    SLICE_X6Y17.BQ       Tcko                  0.447   gen/index<3>
                                                       gen/index_1
    SLICE_X9Y12.A1       net (fanout=9)        1.101   gen/index<1>
    SLICE_X9Y12.A        Tilo                  0.259   gen_Mram_GND_5_o_X_5_o_wide_mux_8_OUT10
                                                       gen/Msub_GND_5_o_GND_5_o_sub_8_OUT<8:0>_xor<1>11
    SLICE_X2Y15.A6       net (fanout=64)       1.330   gen/GND_5_o_GND_5_o_sub_8_OUT<1>
    SLICE_X2Y15.A        Tilo                  0.203   gen_Mram_GND_5_o_X_5_o_wide_mux_8_OUT14
                                                       gen_Mram_GND_5_o_X_5_o_wide_mux_8_OUT14
    SLICE_X4Y15.D5       net (fanout=1)        0.679   gen_Mram_GND_5_o_X_5_o_wide_mux_8_OUT14
    SLICE_X4Y15.CMUX     Topdc                 0.338   gen_Mram_GND_5_o_X_5_o_wide_mux_8_OUT3
                                                       gen_Mram_GND_5_o_X_5_o_wide_mux_8_OUT215_F
                                                       gen_Mram_GND_5_o_X_5_o_wide_mux_8_OUT215
    SLICE_X12Y20.A4      net (fanout=1)        1.129   gen/GND_5_o_X_5_o_wide_mux_8_OUT<0>
    SLICE_X12Y20.CLK     Tas                   0.341   data/data_reg<3>
                                                       gen/Mmux_data11
                                                       data/data_reg_0
    -------------------------------------------------  ---------------------------
    Total                                      5.827ns (1.588ns logic, 4.239ns route)
                                                       (27.3% logic, 72.7% route)

--------------------------------------------------------------------------------

Paths for end point data/data_reg_6 (SLICE_X13Y20.C3), 209 paths
--------------------------------------------------------------------------------
Slack (setup path):     4.264ns (requirement - (data path - clock path skew + uncertainty))
  Source:               gen/index_1 (FF)
  Destination:          data/data_reg_6 (FF)
  Requirement:          10.000ns
  Data Path Delay:      5.659ns (Levels of Logic = 4)
  Clock Path Skew:      -0.042ns (0.251 - 0.293)
  Source Clock:         clk_BUFGP rising at 0.000ns
  Destination Clock:    clk_BUFGP rising at 10.000ns
  Clock Uncertainty:    0.035ns

  Clock Uncertainty:          0.035ns  ((TSJ^2 + TIJ^2)^1/2 + DJ) / 2 + PE
    Total System Jitter (TSJ):  0.070ns
    Total Input Jitter (TIJ):   0.000ns
    Discrete Jitter (DJ):       0.000ns
    Phase Error (PE):           0.000ns

  Maximum Data Path at Slow Process Corner: gen/index_1 to data/data_reg_6
    Location             Delay type         Delay(ns)  Physical Resource
                                                       Logical Resource(s)
    -------------------------------------------------  -------------------
    SLICE_X6Y17.BQ       Tcko                  0.447   gen/index<3>
                                                       gen/index_1
    SLICE_X9Y12.A1       net (fanout=9)        1.101   gen/index<1>
    SLICE_X9Y12.A        Tilo                  0.259   gen_Mram_GND_5_o_X_5_o_wide_mux_8_OUT10
                                                       gen/Msub_GND_5_o_GND_5_o_sub_8_OUT<8:0>_xor<1>11
    SLICE_X5Y19.A5       net (fanout=64)       1.424   gen/GND_5_o_GND_5_o_sub_8_OUT<1>
    SLICE_X5Y19.A        Tilo                  0.259   gen/index_0_2
                                                       gen_Mram_GND_5_o_X_5_o_wide_mux_8_OUT19
    SLICE_X4Y17.C3       net (fanout=1)        0.504   gen_Mram_GND_5_o_X_5_o_wide_mux_8_OUT19
    SLICE_X4Y17.CMUX     Tilo                  0.343   gen_Mram_GND_5_o_X_5_o_wide_mux_8_OUT183
                                                       gen_Mram_GND_5_o_X_5_o_wide_mux_8_OUT201_G
                                                       gen_Mram_GND_5_o_X_5_o_wide_mux_8_OUT201
    SLICE_X13Y20.C3      net (fanout=1)        1.000   gen/GND_5_o_X_5_o_wide_mux_8_OUT<6>
    SLICE_X13Y20.CLK     Tas                   0.322   data/data_reg<7>
                                                       gen/Mmux_data71
                                                       data/data_reg_6
    -------------------------------------------------  ---------------------------
    Total                                      5.659ns (1.630ns logic, 4.029ns route)
                                                       (28.8% logic, 71.2% route)

--------------------------------------------------------------------------------
Slack (setup path):     4.281ns (requirement - (data path - clock path skew + uncertainty))
  Source:               gen/index_0_2 (FF)
  Destination:          data/data_reg_6 (FF)
  Requirement:          10.000ns
  Data Path Delay:      5.641ns (Levels of Logic = 4)
  Clock Path Skew:      -0.043ns (0.251 - 0.294)
  Source Clock:         clk_BUFGP rising at 0.000ns
  Destination Clock:    clk_BUFGP rising at 10.000ns
  Clock Uncertainty:    0.035ns

  Clock Uncertainty:          0.035ns  ((TSJ^2 + TIJ^2)^1/2 + DJ) / 2 + PE
    Total System Jitter (TSJ):  0.070ns
    Total Input Jitter (TIJ):   0.000ns
    Discrete Jitter (DJ):       0.000ns
    Phase Error (PE):           0.000ns

  Maximum Data Path at Slow Process Corner: gen/index_0_2 to data/data_reg_6
    Location             Delay type         Delay(ns)  Physical Resource
                                                       Logical Resource(s)
    -------------------------------------------------  -------------------
    SLICE_X5Y19.BQ       Tcko                  0.391   gen/index_0_2
                                                       gen/index_0_2
    SLICE_X9Y12.A5       net (fanout=69)       1.139   gen/index_0_2
    SLICE_X9Y12.A        Tilo                  0.259   gen_Mram_GND_5_o_X_5_o_wide_mux_8_OUT10
                                                       gen/Msub_GND_5_o_GND_5_o_sub_8_OUT<8:0>_xor<1>11
    SLICE_X5Y19.A5       net (fanout=64)       1.424   gen/GND_5_o_GND_5_o_sub_8_OUT<1>
    SLICE_X5Y19.A        Tilo                  0.259   gen/index_0_2
                                                       gen_Mram_GND_5_o_X_5_o_wide_mux_8_OUT19
    SLICE_X4Y17.C3       net (fanout=1)        0.504   gen_Mram_GND_5_o_X_5_o_wide_mux_8_OUT19
    SLICE_X4Y17.CMUX     Tilo                  0.343   gen_Mram_GND_5_o_X_5_o_wide_mux_8_OUT183
                                                       gen_Mram_GND_5_o_X_5_o_wide_mux_8_OUT201_G
                                                       gen_Mram_GND_5_o_X_5_o_wide_mux_8_OUT201
    SLICE_X13Y20.C3      net (fanout=1)        1.000   gen/GND_5_o_X_5_o_wide_mux_8_OUT<6>
    SLICE_X13Y20.CLK     Tas                   0.322   data/data_reg<7>
                                                       gen/Mmux_data71
                                                       data/data_reg_6
    -------------------------------------------------  ---------------------------
    Total                                      5.641ns (1.574ns logic, 4.067ns route)
                                                       (27.9% logic, 72.1% route)

--------------------------------------------------------------------------------
Slack (setup path):     4.354ns (requirement - (data path - clock path skew + uncertainty))
  Source:               gen/index_1 (FF)
  Destination:          data/data_reg_6 (FF)
  Requirement:          10.000ns
  Data Path Delay:      5.569ns (Levels of Logic = 4)
  Clock Path Skew:      -0.042ns (0.251 - 0.293)
  Source Clock:         clk_BUFGP rising at 0.000ns
  Destination Clock:    clk_BUFGP rising at 10.000ns
  Clock Uncertainty:    0.035ns

  Clock Uncertainty:          0.035ns  ((TSJ^2 + TIJ^2)^1/2 + DJ) / 2 + PE
    Total System Jitter (TSJ):  0.070ns
    Total Input Jitter (TIJ):   0.000ns
    Discrete Jitter (DJ):       0.000ns
    Phase Error (PE):           0.000ns

  Maximum Data Path at Slow Process Corner: gen/index_1 to data/data_reg_6
    Location             Delay type         Delay(ns)  Physical Resource
                                                       Logical Resource(s)
    -------------------------------------------------  -------------------
    SLICE_X6Y17.BQ       Tcko                  0.447   gen/index<3>
                                                       gen/index_1
    SLICE_X9Y12.A1       net (fanout=9)        1.101   gen/index<1>
    SLICE_X9Y12.A        Tilo                  0.259   gen_Mram_GND_5_o_X_5_o_wide_mux_8_OUT10
                                                       gen/Msub_GND_5_o_GND_5_o_sub_8_OUT<8:0>_xor<1>11
    SLICE_X5Y17.A5       net (fanout=64)       1.231   gen/GND_5_o_GND_5_o_sub_8_OUT<1>
    SLICE_X5Y17.A        Tilo                  0.259   gen_Mram_GND_5_o_X_5_o_wide_mux_8_OUT193
                                                       gen_Mram_GND_5_o_X_5_o_wide_mux_8_OUT191
    SLICE_X4Y17.D2       net (fanout=1)        0.612   gen_Mram_GND_5_o_X_5_o_wide_mux_8_OUT191
    SLICE_X4Y17.CMUX     Topdc                 0.338   gen_Mram_GND_5_o_X_5_o_wide_mux_8_OUT183
                                                       gen_Mram_GND_5_o_X_5_o_wide_mux_8_OUT201_F
                                                       gen_Mram_GND_5_o_X_5_o_wide_mux_8_OUT201
    SLICE_X13Y20.C3      net (fanout=1)        1.000   gen/GND_5_o_X_5_o_wide_mux_8_OUT<6>
    SLICE_X13Y20.CLK     Tas                   0.322   data/data_reg<7>
                                                       gen/Mmux_data71
                                                       data/data_reg_6
    -------------------------------------------------  ---------------------------
    Total                                      5.569ns (1.625ns logic, 3.944ns route)
                                                       (29.2% logic, 70.8% route)

--------------------------------------------------------------------------------

Hold Paths: TS_sys_clk_pin = PERIOD TIMEGRP "sys_clk_pin" 100 MHz HIGH 50%;
--------------------------------------------------------------------------------

Paths for end point rx/bitTmr_10 (SLICE_X20Y48.A6), 1 path
--------------------------------------------------------------------------------
Slack (hold path):      0.418ns (requirement - (clock path skew + uncertainty - data path))
  Source:               rx/bitTmr_10 (FF)
  Destination:          rx/bitTmr_10 (FF)
  Requirement:          0.000ns
  Data Path Delay:      0.418ns (Levels of Logic = 1)
  Clock Path Skew:      0.000ns
  Source Clock:         clk_BUFGP rising at 10.000ns
  Destination Clock:    clk_BUFGP rising at 10.000ns
  Clock Uncertainty:    0.000ns

  Minimum Data Path at Fast Process Corner: rx/bitTmr_10 to rx/bitTmr_10
    Location             Delay type         Delay(ns)  Physical Resource
                                                       Logical Resource(s)
    -------------------------------------------------  -------------------
    SLICE_X20Y48.AQ      Tcko                  0.200   rx/bitTmr<10>
                                                       rx/bitTmr_10
    SLICE_X20Y48.A6      net (fanout=3)        0.028   rx/bitTmr<10>
    SLICE_X20Y48.CLK     Tah         (-Th)    -0.190   rx/bitTmr<10>
                                                       rx/Mmux_bitTmr[10]_GND_58_o_mux_20_OUT24
                                                       rx/bitTmr_10
    -------------------------------------------------  ---------------------------
    Total                                      0.418ns (0.390ns logic, 0.028ns route)
                                                       (93.3% logic, 6.7% route)

--------------------------------------------------------------------------------

Paths for end point rx/bitTmr_4 (SLICE_X20Y47.D6), 1 path
--------------------------------------------------------------------------------
Slack (hold path):      0.435ns (requirement - (clock path skew + uncertainty - data path))
  Source:               rx/bitTmr_4 (FF)
  Destination:          rx/bitTmr_4 (FF)
  Requirement:          0.000ns
  Data Path Delay:      0.435ns (Levels of Logic = 1)
  Clock Path Skew:      0.000ns
  Source Clock:         clk_BUFGP rising at 10.000ns
  Destination Clock:    clk_BUFGP rising at 10.000ns
  Clock Uncertainty:    0.000ns

  Minimum Data Path at Fast Process Corner: rx/bitTmr_4 to rx/bitTmr_4
    Location             Delay type         Delay(ns)  Physical Resource
                                                       Logical Resource(s)
    -------------------------------------------------  -------------------
    SLICE_X20Y47.DQ      Tcko                  0.200   rx/bitTmr<4>
                                                       rx/bitTmr_4
    SLICE_X20Y47.D6      net (fanout=7)        0.045   rx/bitTmr<4>
    SLICE_X20Y47.CLK     Tah         (-Th)    -0.190   rx/bitTmr<4>
                                                       rx/Mmux_bitTmr[10]_GND_58_o_mux_20_OUT61
                                                       rx/bitTmr_4
    -------------------------------------------------  ---------------------------
    Total                                      0.435ns (0.390ns logic, 0.045ns route)
                                                       (89.7% logic, 10.3% route)

--------------------------------------------------------------------------------

Paths for end point data/index_10 (SLICE_X13Y33.D6), 1 path
--------------------------------------------------------------------------------
Slack (hold path):      0.445ns (requirement - (clock path skew + uncertainty - data path))
  Source:               data/index_10 (FF)
  Destination:          data/index_10 (FF)
  Requirement:          0.000ns
  Data Path Delay:      0.445ns (Levels of Logic = 1)
  Clock Path Skew:      0.000ns
  Source Clock:         clk_BUFGP rising at 10.000ns
  Destination Clock:    clk_BUFGP rising at 10.000ns
  Clock Uncertainty:    0.000ns

  Minimum Data Path at Fast Process Corner: data/index_10 to data/index_10
    Location             Delay type         Delay(ns)  Physical Resource
                                                       Logical Resource(s)
    -------------------------------------------------  -------------------
    SLICE_X13Y33.DQ      Tcko                  0.198   data/index<10>
                                                       data/index_10
    SLICE_X13Y33.D6      net (fanout=4)        0.032   data/index<10>
    SLICE_X13Y33.CLK     Tah         (-Th)    -0.215   data/index<10>
                                                       data/index_10_rstpot
                                                       data/index_10
    -------------------------------------------------  ---------------------------
    Total                                      0.445ns (0.413ns logic, 0.032ns route)
                                                       (92.8% logic, 7.2% route)

--------------------------------------------------------------------------------

Component Switching Limit Checks: TS_sys_clk_pin = PERIOD TIMEGRP "sys_clk_pin" 100 MHz HIGH 50%;
--------------------------------------------------------------------------------
Slack: 8.270ns (period - min period limit)
  Period: 10.000ns
  Min period limit: 1.730ns (578.035MHz) (Tbcper_I)
  Physical resource: clk_BUFGP/BUFG/I0
  Logical resource: clk_BUFGP/BUFG/I0
  Location pin: BUFGMUX_X3Y13.I0
  Clock network: clk_BUFGP/IBUFG
--------------------------------------------------------------------------------
Slack: 9.570ns (period - min period limit)
  Period: 10.000ns
  Min period limit: 0.430ns (2325.581MHz) (Tcp)
  Physical resource: data/index<27>/CLK
  Logical resource: data/index_24/CK
  Location pin: SLICE_X12Y37.CLK
  Clock network: clk_BUFGP
--------------------------------------------------------------------------------
Slack: 9.570ns (period - min period limit)
  Period: 10.000ns
  Min period limit: 0.430ns (2325.581MHz) (Tcp)
  Physical resource: data/index<27>/CLK
  Logical resource: data/index_25/CK
  Location pin: SLICE_X12Y37.CLK
  Clock network: clk_BUFGP
--------------------------------------------------------------------------------


All constraints were met.


Data Sheet report:
-----------------
All values displayed in nanoseconds (ns)

Clock to Setup on destination clock clk
---------------+---------+---------+---------+---------+
               | Src:Rise| Src:Fall| Src:Rise| Src:Fall|
Source Clock   |Dest:Rise|Dest:Rise|Dest:Fall|Dest:Fall|
---------------+---------+---------+---------+---------+
clk            |    6.122|         |         |         |
---------------+---------+---------+---------+---------+


Timing summary:
---------------

Timing errors: 0  Score: 0  (Setup/Max: 0, Hold: 0)

Constraints cover 5684 paths, 0 nets, and 1445 connections

Design statistics:
   Minimum period:   6.122ns{1}   (Maximum frequency: 163.345MHz)


------------------------------------Footnotes-----------------------------------
1)  The minimum period statistic assumes all single cycle delays.

Analysis completed Fri Mar 24 14:26:16 2017 
--------------------------------------------------------------------------------

Trace Settings:
-------------------------
Trace Settings 

Peak Memory Usage: 175 MB



